exports[`function HelloWorldList(props) {/* istanbul ignore next */_classCallCheck(this, HelloWorldList);var _this = _possibleConstructorReturn(this, (HelloWorldList.__proto__ || Object.getPrototypeOf(HelloWorldList)).call(this,
        props));
        /* istanbul ignore next */_this.state = { greetings: ["Flavia", "Mary", "Nshemerirwe"] };
        /* istanbul ignore next */_this.addGreeting = /* istanbul ignore next */_this.addGreeting.bind( /* istanbul ignore next */_this);
        /* istanbul ignore next */_this.removeGreeting = /* istanbul ignore next */_this.removeGreeting.bind( /* istanbul ignore next */_this); /* istanbul ignore next */return _this;
    } renders and matches our snapshot 1`] = `
<div
  className="HelloWorldList">
  <div
    className="AddGreeter">
    <input
      onChange={[Function]}
      type="text"
      value="" />
      
    <button
      onClick={[Function]}>
      Add
    </button>
  </div>
  <div
    className="HelloWorld">
    Hello
     
    Flavia
    <br />
    <button
      className="frenchify"
      onClick={[Function]}>
      Frenchify!
    </button>
    <button
      className="remove"
      onClick={[Function]}>
      Remove Me!
    </button>
  </div>
  <div
    className="HelloWorld">
    Hello
     
    Mary
    <br />
    <button
      className="frenchify"
      onClick={[Function]}>
      Frenchify!
    </button>
    <button
      className="remove"
      onClick={[Function]}>
      Remove Me!
    </button>
  </div>
  <div
    className="HelloWorld">
    Hello
     
    Nshemerirwe
    <br />
    <button
      className="frenchify"
      onClick={[Function]}>
      Frenchify!
    </button>
    <button
      className="remove"
      onClick={[Function]}>
      Remove Me!
    </button>
  </div>
</div>
`;
